(base) K-iMac:course-eval-test$ python meta1_populate_templates.py
Loaded core_metrics successfully.
Loaded groupcode_metrics successfully.
Loaded course_rankings successfully.
Loaded size_distribution successfully.
Loaded detailed_stats successfully.
Loaded processed_data successfully.
Loaded column_mapping successfully.
Loaded coursenames successfully.

Column Mapping:
  Original Column Mapped Column
0              년도          Year
1              학기      Semester
2             캠퍼스        Campus
3          개설단과대학       College
4            강좌번호  CourseNumber

Processed Data after Normalization:
   Year Semester Campus   College  CourseNumber CourseCode CourseName ProfessorName ProfessorID  Survey1  Survey2  Survey3  Survey4  Survey5  Survey6  Survey7 Survey8      GroupCode
0  2024      1학기  자연캠퍼스  방목기초교육대학             1   KMA00101    성서와인간이해           김준*    **180177        1        4        4        4        4        4        4     NaN  KMA00101-0001
1  2024      1학기  자연캠퍼스  방목기초교육대학             1   KMA00101    성서와인간이해           김준*    **180177        3        3        3        3        5        4        4     NaN  KMA00101-0001
2  2024      1학기  자연캠퍼스  방목기초교육대학             1   KMA00101    성서와인간이해           김준*    **180177        1        2        3        4        4        4        3     NaN  KMA00101-0001
3  2024      1학기  자연캠퍼스  방목기초교육대학             1   KMA00101    성서와인간이해           김준*    **180177        5        5        5        5        5        5        5     NaN  KMA00101-0001
4  2024      1학기  자연캠퍼스  방목기초교육대학             1   KMA00101    성서와인간이해           김준*    **180177        1        3        4        3        3        4        4     NaN  KMA00101-0001
Core Metrics template populated and saved.
Group Code Metrics template populated and saved.
Course Rankings template populated and saved.
Setup, preprocessing, and Templates 1, 2 & 3 processing completed. Normalized data and templates saved.
(base) K-iMac:course-eval-test$ python meta1_populate_templates.py
Loaded core_metrics successfully.
Loaded groupcode_metrics successfully.
Loaded course_rankings successfully.
Loaded size_distribution successfully.
Loaded detailed_stats successfully.
Loaded processed_data successfully.
Loaded column_mapping successfully.
Loaded coursenames successfully.

Column Mapping:
  Original Column Mapped Column
0              년도          Year
1              학기      Semester
2             캠퍼스        Campus
3          개설단과대학       College
4            강좌번호  CourseNumber

Processed Data after Normalization:
   Year Semester Campus   College  CourseNumber CourseCode CourseName ProfessorName ProfessorID  Survey1  Survey2  Survey3  Survey4  Survey5  Survey6  Survey7 Survey8      GroupCode
0  2024      1학기  자연캠퍼스  방목기초교육대학             1   KMA00101    성서와인간이해           김준*    **180177        1        4        4        4        4        4        4     NaN  KMA00101-0001
1  2024      1학기  자연캠퍼스  방목기초교육대학             1   KMA00101    성서와인간이해           김준*    **180177        3        3        3        3        5        4        4     NaN  KMA00101-0001
2  2024      1학기  자연캠퍼스  방목기초교육대학             1   KMA00101    성서와인간이해           김준*    **180177        1        2        3        4        4        4        3     NaN  KMA00101-0001
3  2024      1학기  자연캠퍼스  방목기초교육대학             1   KMA00101    성서와인간이해           김준*    **180177        5        5        5        5        5        5        5     NaN  KMA00101-0001
4  2024      1학기  자연캠퍼스  방목기초교육대학             1   KMA00101    성서와인간이해           김준*    **180177        1        3        4        3        3        4        4     NaN  KMA00101-0001
Core Metrics template populated and saved.
Group Code Metrics template populated and saved.
Course Rankings template populated and saved.
Traceback (most recent call last):
  File "/Users/kpark/Documents/2Sync/course-eval-test/meta1_populate_templates.py", line 125, in <module>
    size_distribution = processed_data.groupby("Class_Size_Category").agg({
                        ^^^^^^^^^^^^^^^^^^^^^^^^^^^^^^^^^^^^^^^^^^^^^
  File "/opt/anaconda3/lib/python3.12/site-packages/pandas/core/frame.py", line 9183, in groupby
    return DataFrameGroupBy(
           ^^^^^^^^^^^^^^^^^
  File "/opt/anaconda3/lib/python3.12/site-packages/pandas/core/groupby/groupby.py", line 1329, in __init__
    grouper, exclusions, obj = get_grouper(
                               ^^^^^^^^^^^^
  File "/opt/anaconda3/lib/python3.12/site-packages/pandas/core/groupby/grouper.py", line 1043, in get_grouper
    raise KeyError(gpr)
KeyError: 'Class_Size_Category'
(base) K-iMac:course-eval-test$ python meta1_populate_templates.py
Loaded core_metrics successfully.
Loaded groupcode_metrics successfully.
Loaded course_rankings successfully.
Loaded size_distribution successfully.
Loaded detailed_stats successfully.
Loaded processed_data successfully.
Loaded column_mapping successfully.
Loaded coursenames successfully.

Column Mapping:
  Original Column Mapped Column
0              년도          Year
1              학기      Semester
2             캠퍼스        Campus
3          개설단과대학       College
4            강좌번호  CourseNumber

Processed Data after Normalization:
   Year Semester Campus   College  CourseNumber CourseCode CourseName ProfessorName ProfessorID  Survey1  Survey2  Survey3  Survey4  Survey5  Survey6  Survey7 Survey8      GroupCode
0  2024      1학기  자연캠퍼스  방목기초교육대학             1   KMA00101    성서와인간이해           김준*    **180177        1        4        4        4        4        4        4     NaN  KMA00101-0001
1  2024      1학기  자연캠퍼스  방목기초교육대학             1   KMA00101    성서와인간이해           김준*    **180177        3        3        3        3        5        4        4     NaN  KMA00101-0001
2  2024      1학기  자연캠퍼스  방목기초교육대학             1   KMA00101    성서와인간이해           김준*    **180177        1        2        3        4        4        4        3     NaN  KMA00101-0001
3  2024      1학기  자연캠퍼스  방목기초교육대학             1   KMA00101    성서와인간이해           김준*    **180177        5        5        5        5        5        5        5     NaN  KMA00101-0001
4  2024      1학기  자연캠퍼스  방목기초교육대학             1   KMA00101    성서와인간이해           김준*    **180177        1        3        4        3        3        4        4     NaN  KMA00101-0001
Core Metrics template populated and saved.
Group Code Metrics template populated and saved.
Course Rankings template populated and saved.
Warning: 'Class_Size_Category' column not found. Skipping Size Distribution calculation.
Setup, preprocessing, and Templates 1, 2, 3 & 4 processing completed. Normalized data and templates saved.